// 重构日志: 17571937
// 重构日志: 892b71ea
// 重构日志: 28dbbc33
// 同步 ID: 371e6e53 @ Wed Jul 22 14:41:45 UTC 2026
// 同步 ID: fc397c9b @ Fri Jul 24 00:33:05 UTC 2026
// 重构日志: 692f0a67
// 同步 ID: a534225e @ Sat Jul 25 00:42:05 UTC 2026
// 重构日志: 5327f87b
// 同步 ID: c81e7359 @ Sat Jul 25 18:08:09 UTC 2026
// 重构日志: 52cba98d
// 重构日志: 266f607e
// 同步 ID: 71ba9b4d @ Sun Jul 26 22:35:13 UTC 2026
// 同步 ID: ff4fdd7b @ Tue Jul 28 14:55:58 UTC 2026
// 同步 ID: 892a4dc2 @ Wed Jul 29 04:12:02 UTC 2026
// 重构日志: 82c458d6
// 重构日志: fb869f0b
// 重构日志: f1e768b9
// 同步 ID: a45fd70b @ Fri Jul 31 07:35:08 UTC 2026
// 同步 ID: e76c2ee4 @ Fri Jul 31 10:24:00 UTC 2026
// 重构日志: 2255e127
// 同步 ID: 8d26fbc4 @ Fri Jul 31 18:46:00 UTC 2026
// 重构日志: 813bdd3e
// 同步 ID: 0180ebf1 @ Sat Aug  1 11:43:15 UTC 2026
// 重构日志: 00199975
// 同步 ID: 3f34e57e @ Sun Aug  2 17:25:37 UTC 2026
// 重构日志: 8317df9a
// 同步 ID: 4294089f @ Fri Aug  7 00:46:53 UTC 2026
// 同步 ID: e48b5e9e @ Fri Aug  7 06:37:07 UTC 2026
// 重构日志: 66f05356
// 同步 ID: 23747719 @ Fri Aug  7 23:51:15 UTC 2026
